// Jest Snapshot v1, https://goo.gl/fbAQLP

exports[`AverageRatingPerQuestion renders correctly 1`] = `
<div>
  <div>
    <p>
      the average rating (from 1 to 5) for each question
    </p>
  </div>
</div>
`;

exports[`AverageRatingPerQuestion renders null when empty themes is passed as prop 1`] = `null`;
